error[E001]: syntax error
 --> line:2:5
  |
2 |     true }
  |     ^ expected `condition`, `meta`, or `strings`
  |