error[E001]: syntax error
 --> line:1:13
  |
1 | rule test : condition: true }
  |             ^ expected identifier
  |