error[E001]: syntax error
 --> line:1:12
  |
1 | rule test {}
  |            ^ expected `condition`, `meta`, or `strings`
  |