error[E001]: syntax error
 --> line:1:9
  |
1 | private foo rule test { condition: true }
  |         ^ expected `global` or `rule`
  |