error[E001]: syntax error
 --> line:1:1
  |
1 | foo rule test { condition: true }
  | ^ expected YARA rules
  |